// Jest Snapshot v1, https://goo.gl/fbAQLP

exports[`Sticky should render correct 1`] = `
<div
  className="sticky"
  style={
    Object {
      "backgroundImage": "url(test)",
      "top": 0,
    }
  }
/>
`;
