// Jest Snapshot v1, https://goo.gl/fbAQLP

exports[`Panel should render 1`] = `
<section
  className="section"
  style={
    Object {
      "backgroundImage": "url(test)",
    }
  }
/>
`;
