// Jest Snapshot v1, https://goo.gl/fbAQLP

exports[`App should render 1`] = `
<div
  className="wrapper"
>
  <div
    className="sticky"
    style={
      Object {
        "backgroundImage": "url(cats.jpg)",
        "top": 0,
      }
    }
  />
  <div
    className="middle"
  >
    <section
      className="section"
      style={
        Object {
          "backgroundImage": "url(chubaka.jpg)",
        }
      }
    />
    <div
      className="body"
      style={
        Object {
          "backgroundImage": "url(dogs.jpg)",
        }
      }
    >
      <button
        className="btn"
        name="randomize"
        onClick={[Function]}
        style={
          Object {
            "backgroundColor": "##efaefa",
          }
        }
      >
        click me
      </button>
    </div>
    <section
      className="section"
      style={
        Object {
          "backgroundImage": "url(dyno.jpg)",
        }
      }
    />
  </div>
  <div
    className="sticky"
    style={
      Object {
        "backgroundImage": "url(planets.jpg)",
        "bottom": 0,
      }
    }
  />
</div>
`;
